// Jest Snapshot v1, https://goo.gl/fbAQLP

exports[`ButtonBack renders correctly 1`] = `
<View
  style={
    {
      "flexDirection": "row",
      "paddingLeft": 20,
    }
  }
>
  <View
    accessibilityState={
      {
        "busy": undefined,
        "checked": undefined,
        "disabled": undefined,
        "expanded": undefined,
        "selected": undefined,
      }
    }
    accessibilityValue={
      {
        "max": undefined,
        "min": undefined,
        "now": undefined,
        "text": undefined,
      }
    }
    accessible={true}
    collapsable={false}
    focusable={false}
    onClick={[Function]}
    onResponderGrant={[Function]}
    onResponderMove={[Function]}
    onResponderRelease={[Function]}
    onResponderTerminate={[Function]}
    onResponderTerminationRequest={[Function]}
    onStartShouldSetResponder={[Function]}
    style={
      {
        "opacity": 1,
      }
    }
  >
    <Text />
  </View>
</View>
`;

exports[`CarList renders correctly 1`] = `
<Text
  style={
    {
      "color": "#ffffff",
      "fontFamily": "PoppinsBold",
      "fontSize": 14,
    }
  }
>
  Location Loading.....
</Text>
`;
